INFO     Latest version: 0.3.4, Current version: 0.3.4            general.py:112
INFO     Starting analysis                                       __main__.py:751
INFO     Analyzing layer outputs                                 __main__.py:775
WARNING  /mnt/drive2/luxonis_backup/luxonis_deployment_workshop/e logging.py:108
         nv/lib/python3.10/site-packages/modelconverter/platforms               
         /rvc4/analyze.py:576: RuntimeWarning: invalid value                    
         encountered in scalar divide                                           
           cosine_sim = np.dot(onnx_output.flatten(),                           
         dlc_output.flatten()) / (                                              
                                                                                
WARNING  /mnt/drive2/luxonis_backup/luxonis_deployment_workshop/e logging.py:108
         nv/lib/python3.10/site-packages/modelconverter/platforms               
         /rvc4/analyze.py:576: RuntimeWarning: invalid value                    
         encountered in scalar divide                                           
           cosine_sim = np.dot(onnx_output.flatten(),                           
         dlc_output.flatten()) / (                                              
                                                                                
Analyzing samples ━━━━━━━━━━━━━━━━━━━━━━━━━━━━━━━━━━━━━━━━ 100% 0:08:16
INFO     Layer comparison results saved to                        analyze.py:566
         /mnt/drive2/luxonis_backup/luxonis_deployment_workshop/w               
         orkskop_material/analysis/output/fp16_unoptimized/output               
         /analysis/yolov8l/layer_comparison.csv                                 
INFO     Analyzing layer cycles                                  __main__.py:780
INFO     Preparing raw inputs for RVC4 analysis.                  analyze.py:249
INFO     Raw inputs pushed to device at                           analyze.py:310
         /data/modelconverter/yolov8l/input_list.txt                            
INFO     Running DLC model to analyze layer cycles.               analyze.py:685
INFO     Inferencing DLC model on device.                         analyze.py:597
INFO     Raw outputs pulled from device to                        analyze.py:101
         /mnt/drive2/luxonis_backup/luxonis_deployment_workshop/w               
         orkskop_material/analysis/output/fp16_unoptimized/output               
         /analysis/yolov8l/output                                               
INFO     Analysis finished successfully                          __main__.py:782
